sumi 8a325c0 Sep  2 2023 12:29:04
noise type nt=1 [white]
sigma=1.5
additive=false
count=6553600=10^6.816=2^22.64
block size bs=65536=2^16
integer filter flt=0 [round]
output type ot=99 no output
output direction od=1 [LSB to MSB]
output endianness bswap=false
LSB cnt=6553600=10^6.816=2^22.64
LSB mean=0.4997
LSB var=0.25
LSB stddev=0.5
LSB rvar=0.2499
LSB rdev=0.4999
LSB tvar=0.2499
LSB tdev=0.4999
LSB avar=0.7498
LSB adev=0.8659
integer cnt=6553600=10^6.816=2^22.64
integer mean=0.0003897
integer var=2.333
integer stddev=1.528
integer rvar=2.332
integer rdev=1.527
integer tvar=2.332
integer tdev=1.527
integer avar=6.995
integer adev=2.645
floating cnt=6553600=10^6.816=2^22.64
floating mean=0.0004603
floating var=2.25
floating stddev=1.5
floating rvar=2.25
floating rdev=1.5
floating tvar=2.249
floating tdev=1.5
floating avar=6.747
floating adev=2.597
